// Jest Snapshot v1, https://goo.gl/fbAQLP

exports[`<Main /> should render the heading 1`] = `
.c3 {
  font-size: 2rem;
  font-weight: 400;
}

.c1 {
  margin-bottom: 2rem;
  width: 25rem;
}

.c2 {
  font-size: 2.5rem;
}

.c0 {
  -webkit-align-items: center;
  -webkit-box-align: center;
  -ms-flex-align: center;
  align-items: center;
  background-color: #06092b;
  color: #fff;
  display: -webkit-box;
  display: -webkit-flex;
  display: -ms-flexbox;
  display: flex;
  -webkit-flex-direction: column;
  -ms-flex-direction: column;
  flex-direction: column;
  height: 100%;
  -webkit-box-pack: center;
  -webkit-justify-content: center;
  -ms-flex-pack: center;
  justify-content: center;
  padding: 3rem;
  text-align: center;
  width: 100%;
}

<main
  class="c0"
>
  <img
    alt="logo"
    class="c1"
    src="/img/logo.svg"
  />
  <h1
    class="c2"
  >
    React Avan√ßado
  </h1>
  <h2
    class="c3"
  >
    TypeScript, NextJS, ReactJS e Styled Components
  </h2>
  <img
    alt="logo"
    class="c1"
    src="/img/hero-illustration.svg"
  />
</main>
`;
